Synthesis Analysis & Elaboration Stage Report for FFT
Mon Apr 20 09:26:39 2026
Quartus Prime Version 25.3.1 Build 100 12/19/2025 SC Pro Edition


---------------------
; Table of Contents ;
---------------------
  1. Legal Notice
  2. Source Assignments for Top-Level Entity
  3. Source Assignments for User Entity FFT_stage Instance: gen_stages[0].stage_i
  4. Source Assignments for User Entity FFT_stage Instance: gen_stages[1].stage_i
  5. Source Assignments for User Entity FFT_stage Instance: gen_stages[2].stage_i
  6. Source Assignments for User Entity FFT_stage Instance: gen_stages[3].stage_i
  7. Source Assignments for User Entity FFT_stage Instance: gen_stages[4].stage_i
  8. Source Assignments for User Entity FFT_stage Instance: gen_stages[5].stage_i
  9. Source Assignments for User Entity FFT_stage Instance: gen_stages[6].stage_i
 10. Source Assignments for User Entity FFT_stage Instance: gen_stages[7].stage_i
 11. Source Assignments for User Entity FFT_stage Instance: gen_stages[8].stage_i
 12. Source Assignments for User Entity FFT_stage Instance: gen_stages[9].stage_i
 13. Source Assignments for User Entity FFT_stage Instance: gen_stages[10].stage_i
 14. Source Assignments for User Entity FFT_stage Instance: gen_stages[11].stage_i
 15. Parameter Settings for Top-Level Entity
 16. Parameter Settings for User Entity FFT_stage Instance: gen_stages[0].stage_i
 17. Parameter Settings for User Entity FFT_stage Instance: gen_stages[1].stage_i
 18. Parameter Settings for User Entity FFT_stage Instance: gen_stages[2].stage_i
 19. Parameter Settings for User Entity FFT_stage Instance: gen_stages[3].stage_i
 20. Parameter Settings for User Entity FFT_stage Instance: gen_stages[4].stage_i
 21. Parameter Settings for User Entity FFT_stage Instance: gen_stages[5].stage_i
 22. Parameter Settings for User Entity FFT_stage Instance: gen_stages[6].stage_i
 23. Parameter Settings for User Entity FFT_stage Instance: gen_stages[7].stage_i
 24. Parameter Settings for User Entity FFT_stage Instance: gen_stages[8].stage_i
 25. Parameter Settings for User Entity FFT_stage Instance: gen_stages[9].stage_i
 26. Parameter Settings for User Entity FFT_stage Instance: gen_stages[10].stage_i
 27. Parameter Settings for User Entity FFT_stage Instance: gen_stages[11].stage_i
 28. Top Causes of Logic Optimized Away During Sweep
 29. Analysis & Elaboration Messages



----------------
; Legal Notice ;
----------------
Copyright (C) 2025  Altera Corporation. All rights reserved.
Your use of Altera Corporation's design tools, logic functions 
and other software and tools, and any partner logic 
functions, and any output files from any of the foregoing 
(including device programming or simulation files), and any 
associated documentation or information are expressly subject 
to the terms and conditions of the Altera Program License 
Subscription Agreement, the Altera Quartus Prime License Agreement,
the Altera IP License Agreement, or other applicable license
agreement, including, without limitation, that your use is for
the sole purpose of programming logic devices manufactured by
Altera and sold by Altera or its authorized distributors.  Please
refer to the Altera Software License Subscription Agreements 
on the Quartus Prime software download page.



+-------------------------------------------------------------+
; Source Assignments for Top-Level Entity                     ;
+--------------------+-------+------+-------+-----------------+
; Assignment         ; Value ; From ; To    ; Source Location ;
+--------------------+-------+------+-------+-----------------+
; RAMSTYLE_ATTRIBUTE ; M20K  ; -    ; RAM_A ; FFT.vhd:42      ;
; RAMSTYLE_ATTRIBUTE ; M20K  ; -    ; RAM_B ; FFT.vhd:43      ;
+--------------------+-------+------+-------+-----------------+
All Instances:
<top>



+------------------------------------------------------------------------------+
; Source Assignments for User Entity FFT_stage Instance: gen_stages[0].stage_i ;
+--------------------+-------+------+-----------+------------------------------+
; Assignment         ; Value ; From ; To        ; Source Location              ;
+--------------------+-------+------+-----------+------------------------------+
; RAMSTYLE_ATTRIBUTE ; M20K  ; -    ; DELAY_MEM ; FFT_stage.vhd:32             ;
; RAMSTYLE_ATTRIBUTE ; M20K  ; -    ; FIFO_EVEN ; FFT_stage.vhd:38             ;
; RAMSTYLE_ATTRIBUTE ; M20K  ; -    ; FIFO_ODD  ; FFT_stage.vhd:39             ;
+--------------------+-------+------+-----------+------------------------------+
All Instances:
gen_stages[0].stage_i



+------------------------------------------------------------------------------+
; Source Assignments for User Entity FFT_stage Instance: gen_stages[1].stage_i ;
+--------------------+-------+------+-----------+------------------------------+
; Assignment         ; Value ; From ; To        ; Source Location              ;
+--------------------+-------+------+-----------+------------------------------+
; RAMSTYLE_ATTRIBUTE ; M20K  ; -    ; DELAY_MEM ; FFT_stage.vhd:32             ;
; RAMSTYLE_ATTRIBUTE ; M20K  ; -    ; FIFO_EVEN ; FFT_stage.vhd:38             ;
; RAMSTYLE_ATTRIBUTE ; M20K  ; -    ; FIFO_ODD  ; FFT_stage.vhd:39             ;
+--------------------+-------+------+-----------+------------------------------+
All Instances:
gen_stages[1].stage_i



+------------------------------------------------------------------------------+
; Source Assignments for User Entity FFT_stage Instance: gen_stages[2].stage_i ;
+--------------------+-------+------+-----------+------------------------------+
; Assignment         ; Value ; From ; To        ; Source Location              ;
+--------------------+-------+------+-----------+------------------------------+
; RAMSTYLE_ATTRIBUTE ; M20K  ; -    ; DELAY_MEM ; FFT_stage.vhd:32             ;
; RAMSTYLE_ATTRIBUTE ; M20K  ; -    ; FIFO_EVEN ; FFT_stage.vhd:38             ;
; RAMSTYLE_ATTRIBUTE ; M20K  ; -    ; FIFO_ODD  ; FFT_stage.vhd:39             ;
+--------------------+-------+------+-----------+------------------------------+
All Instances:
gen_stages[2].stage_i



+------------------------------------------------------------------------------+
; Source Assignments for User Entity FFT_stage Instance: gen_stages[3].stage_i ;
+--------------------+-------+------+-----------+------------------------------+
; Assignment         ; Value ; From ; To        ; Source Location              ;
+--------------------+-------+------+-----------+------------------------------+
; RAMSTYLE_ATTRIBUTE ; M20K  ; -    ; DELAY_MEM ; FFT_stage.vhd:32             ;
; RAMSTYLE_ATTRIBUTE ; M20K  ; -    ; FIFO_EVEN ; FFT_stage.vhd:38             ;
; RAMSTYLE_ATTRIBUTE ; M20K  ; -    ; FIFO_ODD  ; FFT_stage.vhd:39             ;
+--------------------+-------+------+-----------+------------------------------+
All Instances:
gen_stages[3].stage_i



+------------------------------------------------------------------------------+
; Source Assignments for User Entity FFT_stage Instance: gen_stages[4].stage_i ;
+--------------------+-------+------+-----------+------------------------------+
; Assignment         ; Value ; From ; To        ; Source Location              ;
+--------------------+-------+------+-----------+------------------------------+
; RAMSTYLE_ATTRIBUTE ; M20K  ; -    ; DELAY_MEM ; FFT_stage.vhd:32             ;
; RAMSTYLE_ATTRIBUTE ; M20K  ; -    ; FIFO_EVEN ; FFT_stage.vhd:38             ;
; RAMSTYLE_ATTRIBUTE ; M20K  ; -    ; FIFO_ODD  ; FFT_stage.vhd:39             ;
+--------------------+-------+------+-----------+------------------------------+
All Instances:
gen_stages[4].stage_i



+------------------------------------------------------------------------------+
; Source Assignments for User Entity FFT_stage Instance: gen_stages[5].stage_i ;
+--------------------+-------+------+-----------+------------------------------+
; Assignment         ; Value ; From ; To        ; Source Location              ;
+--------------------+-------+------+-----------+------------------------------+
; RAMSTYLE_ATTRIBUTE ; M20K  ; -    ; DELAY_MEM ; FFT_stage.vhd:32             ;
; RAMSTYLE_ATTRIBUTE ; M20K  ; -    ; FIFO_EVEN ; FFT_stage.vhd:38             ;
; RAMSTYLE_ATTRIBUTE ; M20K  ; -    ; FIFO_ODD  ; FFT_stage.vhd:39             ;
+--------------------+-------+------+-----------+------------------------------+
All Instances:
gen_stages[5].stage_i



+------------------------------------------------------------------------------+
; Source Assignments for User Entity FFT_stage Instance: gen_stages[6].stage_i ;
+--------------------+-------+------+-----------+------------------------------+
; Assignment         ; Value ; From ; To        ; Source Location              ;
+--------------------+-------+------+-----------+------------------------------+
; RAMSTYLE_ATTRIBUTE ; M20K  ; -    ; DELAY_MEM ; FFT_stage.vhd:32             ;
; RAMSTYLE_ATTRIBUTE ; M20K  ; -    ; FIFO_EVEN ; FFT_stage.vhd:38             ;
; RAMSTYLE_ATTRIBUTE ; M20K  ; -    ; FIFO_ODD  ; FFT_stage.vhd:39             ;
+--------------------+-------+------+-----------+------------------------------+
All Instances:
gen_stages[6].stage_i



+------------------------------------------------------------------------------+
; Source Assignments for User Entity FFT_stage Instance: gen_stages[7].stage_i ;
+--------------------+-------+------+-----------+------------------------------+
; Assignment         ; Value ; From ; To        ; Source Location              ;
+--------------------+-------+------+-----------+------------------------------+
; RAMSTYLE_ATTRIBUTE ; M20K  ; -    ; DELAY_MEM ; FFT_stage.vhd:32             ;
; RAMSTYLE_ATTRIBUTE ; M20K  ; -    ; FIFO_EVEN ; FFT_stage.vhd:38             ;
; RAMSTYLE_ATTRIBUTE ; M20K  ; -    ; FIFO_ODD  ; FFT_stage.vhd:39             ;
+--------------------+-------+------+-----------+------------------------------+
All Instances:
gen_stages[7].stage_i



+------------------------------------------------------------------------------+
; Source Assignments for User Entity FFT_stage Instance: gen_stages[8].stage_i ;
+--------------------+-------+------+-----------+------------------------------+
; Assignment         ; Value ; From ; To        ; Source Location              ;
+--------------------+-------+------+-----------+------------------------------+
; RAMSTYLE_ATTRIBUTE ; M20K  ; -    ; DELAY_MEM ; FFT_stage.vhd:32             ;
; RAMSTYLE_ATTRIBUTE ; M20K  ; -    ; FIFO_EVEN ; FFT_stage.vhd:38             ;
; RAMSTYLE_ATTRIBUTE ; M20K  ; -    ; FIFO_ODD  ; FFT_stage.vhd:39             ;
+--------------------+-------+------+-----------+------------------------------+
All Instances:
gen_stages[8].stage_i



+------------------------------------------------------------------------------+
; Source Assignments for User Entity FFT_stage Instance: gen_stages[9].stage_i ;
+--------------------+-------+------+-----------+------------------------------+
; Assignment         ; Value ; From ; To        ; Source Location              ;
+--------------------+-------+------+-----------+------------------------------+
; RAMSTYLE_ATTRIBUTE ; M20K  ; -    ; DELAY_MEM ; FFT_stage.vhd:32             ;
; RAMSTYLE_ATTRIBUTE ; M20K  ; -    ; FIFO_EVEN ; FFT_stage.vhd:38             ;
; RAMSTYLE_ATTRIBUTE ; M20K  ; -    ; FIFO_ODD  ; FFT_stage.vhd:39             ;
+--------------------+-------+------+-----------+------------------------------+
All Instances:
gen_stages[9].stage_i



+-------------------------------------------------------------------------------+
; Source Assignments for User Entity FFT_stage Instance: gen_stages[10].stage_i ;
+--------------------+-------+------+-----------+-------------------------------+
; Assignment         ; Value ; From ; To        ; Source Location               ;
+--------------------+-------+------+-----------+-------------------------------+
; RAMSTYLE_ATTRIBUTE ; M20K  ; -    ; DELAY_MEM ; FFT_stage.vhd:32              ;
; RAMSTYLE_ATTRIBUTE ; M20K  ; -    ; FIFO_EVEN ; FFT_stage.vhd:38              ;
; RAMSTYLE_ATTRIBUTE ; M20K  ; -    ; FIFO_ODD  ; FFT_stage.vhd:39              ;
+--------------------+-------+------+-----------+-------------------------------+
All Instances:
gen_stages[10].stage_i



+-------------------------------------------------------------------------------+
; Source Assignments for User Entity FFT_stage Instance: gen_stages[11].stage_i ;
+--------------------+-------+------+-----------+-------------------------------+
; Assignment         ; Value ; From ; To        ; Source Location               ;
+--------------------+-------+------+-----------+-------------------------------+
; RAMSTYLE_ATTRIBUTE ; M20K  ; -    ; DELAY_MEM ; FFT_stage.vhd:32              ;
; RAMSTYLE_ATTRIBUTE ; M20K  ; -    ; FIFO_EVEN ; FFT_stage.vhd:38              ;
; RAMSTYLE_ATTRIBUTE ; M20K  ; -    ; FIFO_ODD  ; FFT_stage.vhd:39              ;
+--------------------+-------+------+-----------+-------------------------------+
All Instances:
gen_stages[11].stage_i



+-----------------------------------------+
; Parameter Settings for Top-Level Entity ;
+----------------+-------+----------------+
; Parameter Name ; Value ; Type           ;
+----------------+-------+----------------+
; logN           ; 12    ; Signed Integer ;
+----------------+-------+----------------+
All Instances:
<top>



+------------------------------------------------------------------------------+
; Parameter Settings for User Entity FFT_stage Instance: gen_stages[0].stage_i ;
+----------------+-------+-----------------------------------------------------+
; Parameter Name ; Value ; Type                                                ;
+----------------+-------+-----------------------------------------------------+
; S              ; 0     ; Signed Integer                                      ;
; logN           ; 12    ; Signed Integer                                      ;
+----------------+-------+-----------------------------------------------------+
All Instances:
gen_stages[0].stage_i



+------------------------------------------------------------------------------+
; Parameter Settings for User Entity FFT_stage Instance: gen_stages[1].stage_i ;
+----------------+-------+-----------------------------------------------------+
; Parameter Name ; Value ; Type                                                ;
+----------------+-------+-----------------------------------------------------+
; S              ; 1     ; Signed Integer                                      ;
; logN           ; 12    ; Signed Integer                                      ;
+----------------+-------+-----------------------------------------------------+
All Instances:
gen_stages[1].stage_i



+------------------------------------------------------------------------------+
; Parameter Settings for User Entity FFT_stage Instance: gen_stages[2].stage_i ;
+----------------+-------+-----------------------------------------------------+
; Parameter Name ; Value ; Type                                                ;
+----------------+-------+-----------------------------------------------------+
; S              ; 2     ; Signed Integer                                      ;
; logN           ; 12    ; Signed Integer                                      ;
+----------------+-------+-----------------------------------------------------+
All Instances:
gen_stages[2].stage_i



+------------------------------------------------------------------------------+
; Parameter Settings for User Entity FFT_stage Instance: gen_stages[3].stage_i ;
+----------------+-------+-----------------------------------------------------+
; Parameter Name ; Value ; Type                                                ;
+----------------+-------+-----------------------------------------------------+
; S              ; 3     ; Signed Integer                                      ;
; logN           ; 12    ; Signed Integer                                      ;
+----------------+-------+-----------------------------------------------------+
All Instances:
gen_stages[3].stage_i



+------------------------------------------------------------------------------+
; Parameter Settings for User Entity FFT_stage Instance: gen_stages[4].stage_i ;
+----------------+-------+-----------------------------------------------------+
; Parameter Name ; Value ; Type                                                ;
+----------------+-------+-----------------------------------------------------+
; S              ; 4     ; Signed Integer                                      ;
; logN           ; 12    ; Signed Integer                                      ;
+----------------+-------+-----------------------------------------------------+
All Instances:
gen_stages[4].stage_i



+------------------------------------------------------------------------------+
; Parameter Settings for User Entity FFT_stage Instance: gen_stages[5].stage_i ;
+----------------+-------+-----------------------------------------------------+
; Parameter Name ; Value ; Type                                                ;
+----------------+-------+-----------------------------------------------------+
; S              ; 5     ; Signed Integer                                      ;
; logN           ; 12    ; Signed Integer                                      ;
+----------------+-------+-----------------------------------------------------+
All Instances:
gen_stages[5].stage_i



+------------------------------------------------------------------------------+
; Parameter Settings for User Entity FFT_stage Instance: gen_stages[6].stage_i ;
+----------------+-------+-----------------------------------------------------+
; Parameter Name ; Value ; Type                                                ;
+----------------+-------+-----------------------------------------------------+
; S              ; 6     ; Signed Integer                                      ;
; logN           ; 12    ; Signed Integer                                      ;
+----------------+-------+-----------------------------------------------------+
All Instances:
gen_stages[6].stage_i



+------------------------------------------------------------------------------+
; Parameter Settings for User Entity FFT_stage Instance: gen_stages[7].stage_i ;
+----------------+-------+-----------------------------------------------------+
; Parameter Name ; Value ; Type                                                ;
+----------------+-------+-----------------------------------------------------+
; S              ; 7     ; Signed Integer                                      ;
; logN           ; 12    ; Signed Integer                                      ;
+----------------+-------+-----------------------------------------------------+
All Instances:
gen_stages[7].stage_i



+------------------------------------------------------------------------------+
; Parameter Settings for User Entity FFT_stage Instance: gen_stages[8].stage_i ;
+----------------+-------+-----------------------------------------------------+
; Parameter Name ; Value ; Type                                                ;
+----------------+-------+-----------------------------------------------------+
; S              ; 8     ; Signed Integer                                      ;
; logN           ; 12    ; Signed Integer                                      ;
+----------------+-------+-----------------------------------------------------+
All Instances:
gen_stages[8].stage_i



+------------------------------------------------------------------------------+
; Parameter Settings for User Entity FFT_stage Instance: gen_stages[9].stage_i ;
+----------------+-------+-----------------------------------------------------+
; Parameter Name ; Value ; Type                                                ;
+----------------+-------+-----------------------------------------------------+
; S              ; 9     ; Signed Integer                                      ;
; logN           ; 12    ; Signed Integer                                      ;
+----------------+-------+-----------------------------------------------------+
All Instances:
gen_stages[9].stage_i



+-------------------------------------------------------------------------------+
; Parameter Settings for User Entity FFT_stage Instance: gen_stages[10].stage_i ;
+----------------+-------+------------------------------------------------------+
; Parameter Name ; Value ; Type                                                 ;
+----------------+-------+------------------------------------------------------+
; S              ; 10    ; Signed Integer                                       ;
; logN           ; 12    ; Signed Integer                                       ;
+----------------+-------+------------------------------------------------------+
All Instances:
gen_stages[10].stage_i



+-------------------------------------------------------------------------------+
; Parameter Settings for User Entity FFT_stage Instance: gen_stages[11].stage_i ;
+----------------+-------+------------------------------------------------------+
; Parameter Name ; Value ; Type                                                 ;
+----------------+-------+------------------------------------------------------+
; S              ; 11    ; Signed Integer                                       ;
; logN           ; 12    ; Signed Integer                                       ;
+----------------+-------+------------------------------------------------------+
All Instances:
gen_stages[11].stage_i



Top root causes of logic optimization that have been identified during sweep. For more details and filtering options, ensure that you have compiled with the "Enable RTL Analysis Debug Mode " setting turned on under Assignments->Settings->Compiler Settings, then go to the " Root Causes Tab " in the " Sweep Hints Viewer " tool in the " RTL Analyzer ".
+-----------------------------------------------------------------------------------------------------------------------------------+
; Top Causes of Logic Optimized Away During Sweep                                                                                   ;
+------------------------------+------------------+-----------------------------------------------------------+---------------------+
; Root Object Path             ; Root Object Type ; Root Reason                                               ; Swept Objects Count ;
+------------------------------+------------------+-----------------------------------------------------------+---------------------+
; gen_stages[0].stage_i|add_1  ; OPER (ADD)       ; stuck at 0 due to all inputs being stuck                  ; 18                  ;
; gen_stages[0].stage_i|Mux_0  ; OPER (MUX)       ; wired through input sel[0] due to opposite constant data  ; 0                   ;
; gen_stages[0].stage_i|Mux_1  ; OPER (MUX)       ; wired through input !sel[0] due to opposite constant data ; 0                   ;
; gen_stages[1].stage_i|Mux_1  ; OPER (MUX)       ; wired through input !sel[0] due to opposite constant data ; 0                   ;
; gen_stages[1].stage_i|Mux_16 ; OPER (MUX)       ; wired through input sel[0] due to opposite constant data  ; 0                   ;
+------------------------------+------------------+-----------------------------------------------------------+---------------------+


+---------------------------------+
; Analysis & Elaboration Messages ;
+---------------------------------+
Info: *******************************************************************
Info: Running Quartus Prime Synthesis
    Info: Version 25.3.1 Build 100 12/19/2025 SC Pro Edition
    Info: Processing started: Mon Apr 20 09:26:36 2026
    Info: System process ID: 26989
Info: Command: quartus_syn --read_settings_files=on --write_settings_files=off FFT -c FFT
Info: qis_default_flow_script.tcl version: #2
Info: Initializing Synthesis...
Info: Project = "FFT"
Info: Revision = "FFT"
Info (21958): Initialized Quartus Message Database
Info: Analyzing source files
Critical Warning (20759): Use the Reset Release IP in Agilex 5 designs to ensure a successful configuration. For more information about the Reset Release IP, refer to the Configuration User Guide.
Info: Elaborating from top-level entity "FFT"
Info (19337): VHDL info at FFT.vhd(6): executing entity "FFT" with architecture "RTL" File: /home/hannah/Documents/VHDL-FFT/FFT.vhd Line: 6
Info (19337): VHDL info at FFT_stage.vhd(7): executing entity "FFT_stage(s=0,logn=12)" with architecture "RTL" File: /home/hannah/Documents/VHDL-FFT/FFT_stage.vhd Line: 7
Info (19337): VHDL info at FFT_stage.vhd(7): executing entity "FFT_stage(s=1,logn=12)" with architecture "RTL" File: /home/hannah/Documents/VHDL-FFT/FFT_stage.vhd Line: 7
Info (19337): VHDL info at FFT_stage.vhd(7): executing entity "FFT_stage(s=2,logn=12)" with architecture "RTL" File: /home/hannah/Documents/VHDL-FFT/FFT_stage.vhd Line: 7
Info (19337): VHDL info at FFT_stage.vhd(7): executing entity "FFT_stage(s=3,logn=12)" with architecture "RTL" File: /home/hannah/Documents/VHDL-FFT/FFT_stage.vhd Line: 7
Info (19337): VHDL info at FFT_stage.vhd(7): executing entity "FFT_stage(s=4,logn=12)" with architecture "RTL" File: /home/hannah/Documents/VHDL-FFT/FFT_stage.vhd Line: 7
Info (19337): VHDL info at FFT_stage.vhd(7): executing entity "FFT_stage(s=5,logn=12)" with architecture "RTL" File: /home/hannah/Documents/VHDL-FFT/FFT_stage.vhd Line: 7
Info (19337): VHDL info at FFT_stage.vhd(7): executing entity "FFT_stage(s=6,logn=12)" with architecture "RTL" File: /home/hannah/Documents/VHDL-FFT/FFT_stage.vhd Line: 7
Info (19337): VHDL info at FFT_stage.vhd(7): executing entity "FFT_stage(s=7,logn=12)" with architecture "RTL" File: /home/hannah/Documents/VHDL-FFT/FFT_stage.vhd Line: 7
Info (19337): VHDL info at FFT_stage.vhd(7): executing entity "FFT_stage(s=8,logn=12)" with architecture "RTL" File: /home/hannah/Documents/VHDL-FFT/FFT_stage.vhd Line: 7
Info (19337): VHDL info at FFT_stage.vhd(7): executing entity "FFT_stage(s=9,logn=12)" with architecture "RTL" File: /home/hannah/Documents/VHDL-FFT/FFT_stage.vhd Line: 7
Info (19337): VHDL info at FFT_stage.vhd(7): executing entity "FFT_stage(s=10,logn=12)" with architecture "RTL" File: /home/hannah/Documents/VHDL-FFT/FFT_stage.vhd Line: 7
Info (19337): VHDL info at FFT_stage.vhd(7): executing entity "FFT_stage(s=11,logn=12)" with architecture "RTL" File: /home/hannah/Documents/VHDL-FFT/FFT_stage.vhd Line: 7
Info: Found 2 design entities
Info: There are 13 partitions after elaboration.
Info: Running rule checking for Agilex5 protocol IPs...
Info: DA report generation in native DNI mode
Info (21615): Running Design Assistant Rules for snapshot 'partitioned'
Info: No waiver waived any violations
Info (22360): Design Assistant Results: 28 of 29 enabled rules passed, and 1 rules was disabled, in snapshot 'partitioned'
Info (21660): Design Assistant Results: 0 of 19 Critical severity rules issued violations in snapshot 'partitioned'
Warning (21620): Design Assistant Results: 1 of 1 High severity rules issued violations in snapshot 'partitioned'. Please refer to DRC report '/home/hannah/Documents/VHDL-FFT/output_files/FFT.drc.partitioned.rpt' for more information
Info (21621): Design Assistant Results: 0 of 1 Medium severity rules issued violations in snapshot 'partitioned'
Info (21622): Design Assistant Results: 0 of 8 Low severity rules issued violations in snapshot 'partitioned'


